adobe-source-han-sans-otc-fonts
alacritty
amd-ucode
arc-gtk-theme
arm-none-eabi-binutils
arm-none-eabi-gcc
arm-none-eabi-newlib
autoconf
automake
avr-binutils
avr-gcc
avr-libc
avrdude
aws-cli
base
bemenu
binutils
bison
blueberry
bluez
bluez-utils
breeze
breeze-icons
chromium
clang
cpupower
dfu-programmer
dfu-util
discord
dmenu
dolphin
efibootmgr
egl-wayland
fakeroot
fd
filelight
firefox
fish
fisher
flex
fzf
gcc
gdb
giggle
git
github-cli
gparted
grim
groff
grub
hid-tools
htop
imv
intel-ucode
kate
lib32-nvidia-utils
libreoffice-fresh
libtool
linux
linux-firmware
m4
make
man-db
mesa
mlocate
mpv
mutt
neofetch
neovim
network-manager-applet
networkmanager
nodejs
noto-fonts-emoji
npm
ntp
nvidia-settings
openssh
os-prober
otf-font-awesome
oxygen
oxygen-icons
pamixer
patch
pavucontrol
pkgconf
playerctl
polkit-kde-agent
powerline-fonts
powertop
pulseaudio
pulseaudio-bluetooth
python-itsdangerous
python-pip
qt5ct
qt6-wayland
ranger
refind
reflector
sddm
sddm-kcm
spectacle
steam
stow
sudo
sway
swayidle
texinfo
texlive-latexextra
tldr
tree
ttf-fira-code
ttf-nerd-fonts-symbols
ttf-ubuntu-font-family
udiskie
unzip
vi
vim
vulkan-tools
waybar
wget
which
wl-clipboard
wlroots
wofi
xorg-xhost
yarn
zathura
zathura-pdf-mupdf
zip
